// Jest Snapshot v1, https://goo.gl/fbAQLP

exports[`theme snapshot 1`] = `
Object {
  "background": "#fff",
  "boxShadows": Array [
    "0 0 2px 0 rgba(0,0,0,.08),0 1px 4px 0 rgba(0,0,0,.16)",
    "0 0 2px 0 rgba(0,0,0,.08),0 2px 8px 0 rgba(0,0,0,.16)",
    "0 0 2px 0 rgba(0,0,0,.08),0 4px 16px 0 rgba(0,0,0,.16)",
    "0 0 2px 0 rgba(0,0,0,.08),0 8px 32px 0 rgba(0,0,0,.16)",
  ],
  "breakpoints": Array [
    480,
    768,
    992,
  ],
  "colors": Object {
    "alertBlue": "#cce5ff",
    "alertBlueText": "#004085",
    "alertGreen": "#d4edda",
    "alertGreenText": "#155724",
    "alertRed": "#f8d7da",
    "alertRedText": "#721c24",
    "alertYellow": "#fff3cd",
    "alertYellowText": "#856404",
    "black": "#070707",
    "blue": "#158ae0",
    "borderGray": "#d5dfe6",
    "darkGray": "#55545A",
    "gray": "#7b7b7b",
    "green": "#28a745",
    "lightGray": "#f4f7ff",
    "primary": "#158ae0",
    "red": "#dc3545",
    "secondary": "#063567",
    "text": "#070707",
    "transparent": "#00000000",
    "white": "#fff",
  },
  "duration": Object {
    "fast": "150ms",
    "normal": "300ms",
    "slow": "450ms",
    "slowest": "600ms",
  },
  "fontSizes": Array [
    12,
    14,
    16,
    20,
    24,
    32,
    40,
    56,
    72,
  ],
  "fontWeights": Object {
    "bold": 600,
    "bolder": 700,
    "light": 300,
    "normal": 400,
  },
  "foreground": "#158ae0",
  "headingFont": "'Noto Sans',sans-serif",
  "letterSpacings": Object {
    "caps": "0.025em",
    "normal": "normal",
  },
  "light": true,
  "lineHeights": Object {
    "display": 1.25,
    "standard": 1.5,
  },
  "maxContainerWidth": "1280px",
  "mediaQueries": Array [
    "@media screen and (min-width:480px)",
    "@media screen and (min-width:768px)",
    "@media screen and (min-width:992px)",
  ],
  "primary": "#158ae0",
  "radii": Array [
    0,
    4,
    8,
  ],
  "radius": "4px",
  "space": Array [
    0,
    4,
    8,
    16,
    32,
    64,
    128,
  ],
  "text": "#070707",
  "textFont": "'Montserrat',sans-serif",
  "timingFunctions": Object {
    "easeIn": "cubic-bezier(0.5, 0, 1, 1)",
    "easeInOut": "cubic-bezier(0.5, 0, 0.25, 1)",
    "easeOut": "cubic-bezier(0, 0, 0.25, 1)",
  },
  "transitionDelays": Object {
    "large": "260ms",
    "medium": "160ms",
    "small": "60ms",
    "xLarge": "360ms",
  },
}
`;
