// Jest Snapshot v1, https://goo.gl/fbAQLP

exports[`theme snapshot 1`] = `
Object {
  "background": "#fff",
  "boxShadows": Array [
    "0 0 2px 0 rgba(0,0,0,.08),0 1px 4px 0 rgba(0,0,0,.16)",
    "0 0 2px 0 rgba(0,0,0,.08),0 2px 8px 0 rgba(0,0,0,.16)",
    "0 0 2px 0 rgba(0,0,0,.08),0 4px 16px 0 rgba(0,0,0,.16)",
    "0 0 2px 0 rgba(0,0,0,.08),0 8px 32px 0 rgba(0,0,0,.16)",
  ],
  "breakpoints": Array [
    576,
    768,
    1024,
    1200,
    1440,
  ],
  "colorStyles": Object {
    "primaryTextOnPrimary": Object {
      "background": "#0379CE",
      "color": "#fff",
    },
  },
  "colors": Object {
    "alertBlue": "#cce5ff",
    "alertBlueText": "#004085",
    "alertGreen": "#e3fcef",
    "alertGreenText": "#177f4b",
    "alertRed": "#ffebe6",
    "alertRedText": "#cb023c",
    "alertYellow": "#fffae6",
    "alertYellowText": "#ad5f00",
    "black": "#070707",
    "blue": "#0379CE",
    "borderGray": "#d5dfe6",
    "darkBlue": "#03275B",
    "darkGray": "#404041",
    "gray": "#626568",
    "green": "#0A8562",
    "lightBlue": "#158AE0",
    "lightGray": "#f3f3f3",
    "lighterBlue": "#f9fdff",
    "orange": "#f26522",
    "primary": "#0379CE",
    "primaryText": "#fff",
    "purple": "#8A60CD",
    "red": "#EB003B",
    "secondary": "#03275B",
    "steelBlue": "#527B89",
    "tertiary": "#f26522",
    "text": "#070707",
    "transparent": "#00000000",
    "white": "#fff",
    "yellow": "#F8E71C",
  },
  "duration": Object {
    "fast": "150ms",
    "normal": "300ms",
    "slow": "450ms",
    "slowest": "600ms",
  },
  "fontSizes": Array [
    12,
    14,
    16,
    20,
    24,
    32,
    38,
    40,
    48,
    56,
    72,
  ],
  "fontWeights": Object {
    "bold": 600,
    "bolder": 700,
    "light": 300,
    "normal": 400,
  },
  "foreground": "#0379CE",
  "headingFont": "'Encode Sans',sans-serif",
  "letterSpacings": Object {
    "caps": "0.025em",
    "normal": "normal",
  },
  "light": true,
  "lineHeights": Object {
    "display": 1.25,
    "standard": 1.5,
  },
  "margin": Object {
    "large": "25px",
    "medium": "15px",
    "small": "5px",
  },
  "maxContainerWidth": "1280px",
  "mediaQueries": Array [
    "@media screen and (min-width:576px)",
    "@media screen and (min-width:768px)",
    "@media screen and (min-width:1024px)",
    "@media screen and (min-width:1200px)",
    "@media screen and (min-width:1440px)",
  ],
  "padding": Object {
    "large": "25px",
    "medium": "15px",
    "small": "5px",
    "xLarge": "45px",
  },
  "primary": "#0379CE",
  "radii": Array [
    0,
    4,
    8,
  ],
  "radius": "4px",
  "secondary": "#03275B",
  "space": Array [
    0,
    4,
    8,
    16,
    32,
    64,
    128,
  ],
  "tertiary": "#f26522",
  "text": "#070707",
  "textFont": "'Encode Sans',sans-serif",
  "timingFunctions": Object {
    "easeIn": "cubic-bezier(0.5, 0, 1, 1)",
    "easeInOut": "cubic-bezier(0.5, 0, 0.25, 1)",
    "easeOut": "cubic-bezier(0, 0, 0.25, 1)",
  },
  "transitionDelays": Object {
    "large": "260ms",
    "medium": "160ms",
    "small": "60ms",
    "xLarge": "360ms",
  },
}
`;
